10-Apr-2026 11:31:00.771 INFO [main] org.apache.catalina.startup.VersionLoggerListener.log Server version name:   Apache Tomcat/10.1.18
10-Apr-2026 11:31:00.790 INFO [main] org.apache.catalina.startup.VersionLoggerListener.log Server built:          Jan 5 2024 14:39:40 UTC
10-Apr-2026 11:31:00.790 INFO [main] org.apache.catalina.startup.VersionLoggerListener.log Server version number: 10.1.18.0
10-Apr-2026 11:31:00.796 INFO [main] org.apache.catalina.startup.VersionLoggerListener.log OS Name:               Linux
10-Apr-2026 11:31:00.799 INFO [main] org.apache.catalina.startup.VersionLoggerListener.log OS Version:            6.8.0-1044-azure
10-Apr-2026 11:31:00.800 INFO [main] org.apache.catalina.startup.VersionLoggerListener.log Architecture:          amd64
10-Apr-2026 11:31:00.800 INFO [main] org.apache.catalina.startup.VersionLoggerListener.log Java Home:             /usr/local/sdkman/candidates/java/25.0.1-ms
10-Apr-2026 11:31:00.800 INFO [main] org.apache.catalina.startup.VersionLoggerListener.log JVM Version:           25.0.1+8-LTS
10-Apr-2026 11:31:00.801 INFO [main] org.apache.catalina.startup.VersionLoggerListener.log JVM Vendor:            Microsoft
10-Apr-2026 11:31:00.801 INFO [main] org.apache.catalina.startup.VersionLoggerListener.log CATALINA_BASE:         /workspaces/jsp-shopping-cart/apache-tomcat-10.1.18
10-Apr-2026 11:31:00.801 INFO [main] org.apache.catalina.startup.VersionLoggerListener.log CATALINA_HOME:         /workspaces/jsp-shopping-cart/apache-tomcat-10.1.18
10-Apr-2026 11:31:00.998 INFO [main] org.apache.catalina.startup.VersionLoggerListener.log Command line argument: -Djava.util.logging.config.file=/workspaces/jsp-shopping-cart/apache-tomcat-10.1.18/conf/logging.properties
10-Apr-2026 11:31:01.000 INFO [main] org.apache.catalina.startup.VersionLoggerListener.log Command line argument: -Djava.util.logging.manager=org.apache.juli.ClassLoaderLogManager
10-Apr-2026 11:31:01.000 INFO [main] org.apache.catalina.startup.VersionLoggerListener.log Command line argument: -Djdk.tls.ephemeralDHKeySize=2048
10-Apr-2026 11:31:01.000 INFO [main] org.apache.catalina.startup.VersionLoggerListener.log Command line argument: -Djava.protocol.handler.pkgs=org.apache.catalina.webresources
10-Apr-2026 11:31:01.001 INFO [main] org.apache.catalina.startup.VersionLoggerListener.log Command line argument: -Dorg.apache.catalina.security.SecurityListener.UMASK=0027
10-Apr-2026 11:31:01.001 INFO [main] org.apache.catalina.startup.VersionLoggerListener.log Command line argument: --add-opens=java.base/java.lang=ALL-UNNAMED
10-Apr-2026 11:31:01.001 INFO [main] org.apache.catalina.startup.VersionLoggerListener.log Command line argument: --add-opens=java.base/java.io=ALL-UNNAMED
10-Apr-2026 11:31:01.001 INFO [main] org.apache.catalina.startup.VersionLoggerListener.log Command line argument: --add-opens=java.base/java.util=ALL-UNNAMED
10-Apr-2026 11:31:01.001 INFO [main] org.apache.catalina.startup.VersionLoggerListener.log Command line argument: --add-opens=java.base/java.util.concurrent=ALL-UNNAMED
10-Apr-2026 11:31:01.003 INFO [main] org.apache.catalina.startup.VersionLoggerListener.log Command line argument: --add-opens=java.rmi/sun.rmi.transport=ALL-UNNAMED
10-Apr-2026 11:31:01.006 INFO [main] org.apache.catalina.startup.VersionLoggerListener.log Command line argument: -Dcatalina.base=/workspaces/jsp-shopping-cart/apache-tomcat-10.1.18
10-Apr-2026 11:31:01.006 INFO [main] org.apache.catalina.startup.VersionLoggerListener.log Command line argument: -Dcatalina.home=/workspaces/jsp-shopping-cart/apache-tomcat-10.1.18
10-Apr-2026 11:31:01.006 INFO [main] org.apache.catalina.startup.VersionLoggerListener.log Command line argument: -Djava.io.tmpdir=/workspaces/jsp-shopping-cart/apache-tomcat-10.1.18/temp
WARNING: A restricted method in java.lang.System has been called
WARNING: java.lang.System::load has been called by org.apache.tomcat.jni.Library in an unnamed module (file:/workspaces/jsp-shopping-cart/apache-tomcat-10.1.18/lib/tomcat-jni.jar)
WARNING: Use --enable-native-access=ALL-UNNAMED to avoid a warning for callers in this module
WARNING: Restricted methods will be blocked in a future release unless native access is enabled

10-Apr-2026 11:31:01.013 INFO [main] org.apache.catalina.core.AprLifecycleListener.lifecycleEvent The Apache Tomcat Native library which allows using OpenSSL was not found on the java.library.path: [/usr/java/packages/lib:/usr/lib64:/lib64:/lib:/usr/lib]
10-Apr-2026 11:31:01.912 INFO [main] org.apache.coyote.AbstractProtocol.init Initializing ProtocolHandler ["http-nio-8080"]
10-Apr-2026 11:31:01.936 INFO [main] org.apache.catalina.startup.Catalina.load Server initialization in [2155] milliseconds
10-Apr-2026 11:31:01.993 INFO [main] org.apache.catalina.core.StandardService.startInternal Starting service [Catalina]
10-Apr-2026 11:31:01.994 INFO [main] org.apache.catalina.core.StandardEngine.startInternal Starting Servlet engine: [Apache Tomcat/10.1.18]
10-Apr-2026 11:31:02.201 INFO [main] org.apache.catalina.startup.HostConfig.deployWAR Deploying web application archive [/workspaces/jsp-shopping-cart/apache-tomcat-10.1.18/webapps/jsp-shopping-cart.war]
10-Apr-2026 11:31:03.986 INFO [main] org.apache.jasper.servlet.TldScanner.scanJars At least one JAR was scanned for TLDs yet contained no TLDs. Enable debug logging for this logger for a complete list of JARs that were scanned but no TLDs were found in them. Skipping unneeded JARs during scanning can improve startup time and JSP compilation time.
10-Apr-2026 11:31:04.045 INFO [main] org.apache.catalina.startup.HostConfig.deployWAR Deployment of web application archive [/workspaces/jsp-shopping-cart/apache-tomcat-10.1.18/webapps/jsp-shopping-cart.war] has finished in [1,839] ms
10-Apr-2026 11:31:04.047 INFO [main] org.apache.catalina.startup.HostConfig.deployDirectory Deploying web application directory [/workspaces/jsp-shopping-cart/apache-tomcat-10.1.18/webapps/docs]
10-Apr-2026 11:31:04.085 INFO [main] org.apache.catalina.startup.HostConfig.deployDirectory Deployment of web application directory [/workspaces/jsp-shopping-cart/apache-tomcat-10.1.18/webapps/docs] has finished in [37] ms
10-Apr-2026 11:31:04.087 INFO [main] org.apache.catalina.startup.HostConfig.deployDirectory Deploying web application directory [/workspaces/jsp-shopping-cart/apache-tomcat-10.1.18/webapps/examples]
10-Apr-2026 11:31:04.409 INFO [main] org.apache.catalina.startup.HostConfig.deployDirectory Deployment of web application directory [/workspaces/jsp-shopping-cart/apache-tomcat-10.1.18/webapps/examples] has finished in [322] ms
10-Apr-2026 11:31:04.410 INFO [main] org.apache.catalina.startup.HostConfig.deployDirectory Deploying web application directory [/workspaces/jsp-shopping-cart/apache-tomcat-10.1.18/webapps/manager]
10-Apr-2026 11:31:04.435 INFO [main] org.apache.catalina.startup.HostConfig.deployDirectory Deployment of web application directory [/workspaces/jsp-shopping-cart/apache-tomcat-10.1.18/webapps/manager] has finished in [25] ms
10-Apr-2026 11:31:04.436 INFO [main] org.apache.catalina.startup.HostConfig.deployDirectory Deploying web application directory [/workspaces/jsp-shopping-cart/apache-tomcat-10.1.18/webapps/host-manager]
10-Apr-2026 11:31:04.453 INFO [main] org.apache.catalina.startup.HostConfig.deployDirectory Deployment of web application directory [/workspaces/jsp-shopping-cart/apache-tomcat-10.1.18/webapps/host-manager] has finished in [17] ms
10-Apr-2026 11:31:04.453 INFO [main] org.apache.catalina.startup.HostConfig.deployDirectory Deploying web application directory [/workspaces/jsp-shopping-cart/apache-tomcat-10.1.18/webapps/ROOT]
10-Apr-2026 11:31:04.466 INFO [main] org.apache.catalina.startup.HostConfig.deployDirectory Deployment of web application directory [/workspaces/jsp-shopping-cart/apache-tomcat-10.1.18/webapps/ROOT] has finished in [13] ms
10-Apr-2026 11:31:04.470 INFO [main] org.apache.coyote.AbstractProtocol.start Starting ProtocolHandler ["http-nio-8080"]
10-Apr-2026 11:31:04.490 INFO [main] org.apache.catalina.startup.Catalina.start Server startup in [2551] milliseconds
